


ARM Macro Assembler    Page 1 


    1 00000000                 PRESERVE8
    2 00000000                 THUMB
    3 00000000         
    4 00000000         
    5 00000000         ; ====================== zone de réservation de données,
                         ======================================
    6 00000000         ;Section RAM (read only) :
    7 00000000                 area             mesdata,data,readonly
    8 00000000         
    9 00000000         
   10 00000000         ;Section RAM (read write):
   11 00000000                 area             maram,data,readwrite
   12 00000000 00000000 
                       SortieSon
                               dcd              0
   13 00000004 00000000 
                       AdresseSon
                               dcd              0
   14 00000008         
   15 00000008         ; ======================================================
                       =========================================
   16 00000008         
   17 00000008                 extern           Son
   18 00000008                 export           CallbackSon
   19 00000008                 export           SortieSon
   20 00000008                 export           AdresseSon
   21 00000008                 extern           PWM_Set_Value_TIM3_Ch3
   22 00000008                 extern           LongueurSon
   23 00000008         
   24 00000008         ;Section ROM code (read only) :  
   25 00000008                 area             moncode,code,readonly
   26 00000000         ; écrire le code ici  
   27 00000000         
   28 00000000         
   29 00000000         CallbackSon
                               proc
   30 00000000 4817            ldr              r0,=AdresseSon ;On stocke l'adr
                                                            esse de AdresseSon 
                                                            dans r0
   31 00000002 4B18            ldr              r3,=SortieSon ;On stocke l'adre
                                                            sse de Sortie dans 
                                                            r3
   32 00000004         
   33 00000004 4A18            ldr              r2,=Son
   34 00000006         
   35 00000006 6801            ldr              r1,[r0]     ; On récupère la va
                                                            leur de AdresseSon 
                                                            dans r1
   36 00000008         
   37 00000008 F84D CD04       push{r12}
   38 0000000C F8DF C05C       ldr              r12,=LongueurSon
   39 00000010 F8DC C000       ldr              r12, [r12]
   40 00000014 B401            push{r0}
   41 00000016 F04F 0002       mov              r0, #2
   42 0000001A FB0C FC00       mul              r12, r0
   43 0000001E BC01            pop{r0}
   44 00000020 4494            add              r12, r2
   45 00000022 458C            cmp              r12, r1
   46 00000024 F85D CB04       pop{r12}



ARM Macro Assembler    Page 2 


   47 00000028 D016            beq              getStartPoint
   48 0000002A         
   49 0000002A 2900            cmp              r1, #0
   50 0000002C D014            beq              getStartPoint
   51 0000002E         
   52 0000002E         
   53 0000002E         ;Si Adresse son != 0 on continue et sinon on branche sur
                        indexzero
   54 0000002E         ;dans ce cas là on est au premier appel de CallBackson
   55 0000002E         ;Dans le cas ou c'est différent de 0 on continue
   56 0000002E         
   57 0000002E         ;on incrémente la valeur de adresseson de 16bits (2octet
                       s)
   58 0000002E F101 0102       add              r1,#2
   59 00000032         
   60 00000032         SuiteCallback
   61 00000032 6001            str              r1,[r0]     ;on la stocke dans 
                                                            adresseson
   62 00000034 F9B1 1000       ldrsh            r1,[r1]     ;on récupère la val
                                                            eur à la nouvelle a
                                                            dresse (ldr signé h
                                                            alf - on prend que 
                                                            2 octets-)
   63 00000038         ;On divise par 2^16/720=4096/45 -> on mul par 45 et div 
                       par 4096 :: NORMALISATION
   64 00000038 F04F 022D       mov              r2, #45
   65 0000003C FB01 F102       mul              r1,r2
   66 00000040 F44F 5280       mov              r2, #4096
   67 00000044 FB91 F1F2       sdiv             r1, r2
   68 00000048 F511 71B4       adds             r1, #360
   69 0000004C 6019            str              r1,[r3]     ;on la mets dans so
                                                            rtie son
   70 0000004E         
   71 0000004E         ;et on set la PWM
   72 0000004E B500            push             {lr}
   73 00000050 4608            mov              r0,r1
   74 00000052 F7FF FFFE       bl               PWM_Set_Value_TIM3_Ch3
   75 00000056 BD00            pop              {pc}
   76 00000058         
   77 00000058         getStartPoint
   78 00000058 4611            mov              r1,r2
   79 0000005A 6002            str              r2,[r0]
   80 0000005C E7E9            b                SuiteCallback
   81 0000005E                 endp
   82 0000005E         
   83 0000005E         
   84 0000005E         
   85 0000005E         
   86 0000005E                 END
              00 00 00000000 
              00000000 
              00000000 
              00000000 
Command Line: --debug --xref --diag_suppress=9931 --cpu=Cortex-M3 --apcs=interw
ork --depend=.\obj\gestionson.d -o.\obj\gestionson.o -I.\RTE\_CibleSondeKEIL -I
D:\Programmes\ARM\CMSIS\5.7.0\CMSIS\Core\Include -ID:\Programmes\Keil\STM32F1xx
_DFP\2.3.0\Device\Include --predefine="__EVAL SETA 1" --predefine="__MICROLIB S
ETA 1" --predefine="__UVISION_VERSION SETA 533" --predefine="_RTE_ SETA 1" --pr
edefine="STM32F10X_MD SETA 1" --predefine="_RTE_ SETA 1" --list=gestionson.lst 



ARM Macro Assembler    Page 3 


Src\GestionSon.s



ARM Macro Assembler    Page 1 Alphabetic symbol ordering
Relocatable symbols

mesdata 00000000

Symbol: mesdata
   Definitions
      At line 7 in file Src\GestionSon.s
   Uses
      None
Comment: mesdata unused
1 symbol



ARM Macro Assembler    Page 1 Alphabetic symbol ordering
Relocatable symbols

AdresseSon 00000004

Symbol: AdresseSon
   Definitions
      At line 13 in file Src\GestionSon.s
   Uses
      At line 20 in file Src\GestionSon.s
      At line 30 in file Src\GestionSon.s

SortieSon 00000000

Symbol: SortieSon
   Definitions
      At line 12 in file Src\GestionSon.s
   Uses
      At line 19 in file Src\GestionSon.s
      At line 31 in file Src\GestionSon.s

maram 00000000

Symbol: maram
   Definitions
      At line 11 in file Src\GestionSon.s
   Uses
      None
Comment: maram unused
3 symbols



ARM Macro Assembler    Page 1 Alphabetic symbol ordering
Relocatable symbols

CallbackSon 00000000

Symbol: CallbackSon
   Definitions
      At line 29 in file Src\GestionSon.s
   Uses
      At line 18 in file Src\GestionSon.s
Comment: CallbackSon used once
SuiteCallback 00000032

Symbol: SuiteCallback
   Definitions
      At line 60 in file Src\GestionSon.s
   Uses
      At line 80 in file Src\GestionSon.s
Comment: SuiteCallback used once
getStartPoint 00000058

Symbol: getStartPoint
   Definitions
      At line 77 in file Src\GestionSon.s
   Uses
      At line 47 in file Src\GestionSon.s
      At line 50 in file Src\GestionSon.s

moncode 00000000

Symbol: moncode
   Definitions
      At line 25 in file Src\GestionSon.s
   Uses
      None
Comment: moncode unused
4 symbols



ARM Macro Assembler    Page 1 Alphabetic symbol ordering
External symbols

LongueurSon 00000000

Symbol: LongueurSon
   Definitions
      At line 22 in file Src\GestionSon.s
   Uses
      At line 38 in file Src\GestionSon.s
Comment: LongueurSon used once
PWM_Set_Value_TIM3_Ch3 00000000

Symbol: PWM_Set_Value_TIM3_Ch3
   Definitions
      At line 21 in file Src\GestionSon.s
   Uses
      At line 74 in file Src\GestionSon.s
Comment: PWM_Set_Value_TIM3_Ch3 used once
Son 00000000

Symbol: Son
   Definitions
      At line 17 in file Src\GestionSon.s
   Uses
      At line 33 in file Src\GestionSon.s
Comment: Son used once
3 symbols
348 symbols in table
