


ARM Macro Assembler    Page 1 


    1 00000000         ; ce programme est pour l'assembleur RealView (Keil)
    2 00000000                 thumb
    3 00000000                 area             moncode, code ;, readonly
    4 00000000                 export           subtest
    5 00000000         ;
    6 00000000         subtest proc
    7 00000000         
    8 00000000 F640 4191       mov              r1 , #3217
    9 00000004 FB00 F001       mul              r0, r0, r1  ; * 3217
   10 00000008 EA4F 20D0       lsr              r0, r0, #11 ; /2048
   11 0000000C 4770            bx               lr
   12 0000000E                 endp
   13 0000000E         ;
   14 0000000E                 end
Command Line: --debug --xref --diag_suppress=9931 --cpu=Cortex-M3 --apcs=interw
ork --depend=.\td_sub.d -o.\td_sub.o -I.\RTE\_Target_1 -IC:\Programdata\Keil\Ar
m\Packs\ARM\CMSIS\5.7.0\CMSIS\Core\Include -IC:\Programdata\Keil\Arm\Packs\Keil
\STM32F1xx_DFP\2.3.0\Device\Include --predefine="__EVAL SETA 1" --predefine="__
MICROLIB SETA 1" --predefine="__UVISION_VERSION SETA 530" --predefine="_RTE_ SE
TA 1" --predefine="STM32F10X_MD SETA 1" --predefine="_RTE_ SETA 1" --list=.\td_
sub.lst td_sub.s



ARM Macro Assembler    Page 1 Alphabetic symbol ordering
Relocatable symbols

moncode 00000000

Symbol: moncode
   Definitions
      At line 3 in file td_sub.s
   Uses
      None
Comment: moncode unused
subtest 00000000

Symbol: subtest
   Definitions
      At line 6 in file td_sub.s
   Uses
      At line 4 in file td_sub.s
Comment: subtest used once
2 symbols
337 symbols in table
